

================================================================
== Vivado HLS Report for 'hwHB'
================================================================
* Date:           Tue Aug  5 13:28:02 2014

* Version:        2013.4 (build date: Mon Dec 09 17:07:59 PM 2013)
* Project:        hwHB
* Solution:       hwHB
* Product family: zynq zynq_fpv6 
* Target device:  xc7z020clg484-1


================================================================
== Performance Estimates
================================================================
+ Timing (ns): 
    * Summary: 
    +---------+-------+----------+------------+
    |  Clock  | Target| Estimated| Uncertainty|
    +---------+-------+----------+------------+
    |default  |  10.00|      8.75|        1.25|
    +---------+-------+----------+------------+

+ Latency (clock cycles): 
    * Summary: 
    +-----+-----+-----+-----+---------+
    |  Latency  |  Interval | Pipeline|
    | min | max | min | max |   Type  |
    +-----+-----+-----+-----+---------+
    |    3|  777|    4|  778|   none  |
    +-----+-----+-----+-----+---------+

    + Detail: 
        * Instance: 
        N/A

        * Loop: 
        +-------------+-----+-----+----------+-----------+-----------+------+----------+
        |             |  Latency  | Iteration|  Initiation Interval  | Trip |          |
        |  Loop Name  | min | max |  Latency |  achieved |   target  | Count| Pipelined|
        +-------------+-----+-----+----------+-----------+-----------+------+----------+
        |- Loop 1     |  360|  762|  18 ~ 38 |          -|          -|    20|    no    |
        | + Loop 1.1  |   15|   35|   3 ~ 7  |          -|          -|     5|    no    |
        |- Loop 2     |    6|    6|         6|          -|          -|     1|    no    |
        +-------------+-----+-----+----------+-----------+-----------+------+----------+



================================================================
== Utilization Estimates
================================================================
* Summary: 
+-----------------+---------+-------+--------+-------+
|       Name      | BRAM_18K| DSP48E|   FF   |  LUT  |
+-----------------+---------+-------+--------+-------+
|Expression       |        -|      -|       0|    413|
|FIFO             |        -|      -|       -|      -|
|Instance         |        -|      -|       -|      -|
|Memory           |        1|      -|       0|      0|
|Multiplexer      |        -|      -|       -|    171|
|Register         |        -|      -|     496|      -|
|ShiftMemory      |        -|      -|       -|      -|
+-----------------+---------+-------+--------+-------+
|Total            |        1|      0|     496|    584|
+-----------------+---------+-------+--------+-------+
|Available        |      280|    220|  106400|  53200|
+-----------------+---------+-------+--------+-------+
|Utilization (%)  |    ~0   |      0|   ~0   |      1|
+-----------------+---------+-------+--------+-------+

+ Detail: 
    * Instance: 
    N/A

    * Memory: 
    +--------+-----------+---------+------+-----+------+-------------+
    | Memory |   Module  | BRAM_18K| Words| Bits| Banks| W*Bits*Banks|
    +--------+-----------+---------+------+-----+------+-------------+
    |buff_U  |hwHB_buff  |        1|     5|   32|     1|          160|
    +--------+-----------+---------+------+-----+------+-------------+
    |Total   |           |        1|     5|   32|     1|          160|
    +--------+-----------+---------+------+-----+------+-------------+

    * FIFO: 
    N/A

    * Shift register: 
    N/A

    * Expression: 
    +------------------------+----------+-------+---+----+------------+------------+
    |      Variable Name     | Operation| DSP48E| FF| LUT| Bitwidth P0| Bitwidth P1|
    +------------------------+----------+-------+---+----+------------+------------+
    |i_1_fu_339_p2           |     +    |      0|  0|   5|           5|           1|
    |indvar_next_fu_406_p2   |     +    |      0|  0|   3|           3|           1|
    |read_index_1_fu_450_p2  |     +    |      0|  0|  32|          32|           1|
    |tmp1_fu_369_p2          |     +    |      0|  0|  33|          33|          33|
    |tmp_14_fu_490_p2        |     +    |      0|  0|  32|          32|          32|
    |tmp_3_fu_323_p2         |     +    |      0|  0|  32|          32|           4|
    |tmp_7_fu_374_p2         |     +    |      0|  0|  33|          33|          33|
    |read_index_3_fu_456_p3  |  Select  |      0|  0|  32|           1|          32|
    |exitcond_fu_400_p2      |   icmp   |      0|  0|   3|           3|           3|
    |isIter0_fu_412_p2       |   icmp   |      0|  0|   3|           3|           1|
    |tmp_12_fu_474_p2        |   icmp   |      0|  0|  40|          32|           1|
    |tmp_1_fu_428_p2         |   icmp   |      0|  0|  40|          32|           1|
    |tmp_2_fu_333_p2         |   icmp   |      0|  0|   5|           5|           5|
    |tmp_6_fu_444_p2         |   icmp   |      0|  0|  40|          32|           4|
    |tmp_fu_317_p2           |   icmp   |      0|  0|  40|          32|           1|
    |tmp_s_fu_423_p2         |   icmp   |      0|  0|  40|          32|          32|
    +------------------------+----------+-------+---+----+------------+------------+
    |Total                   |          |      0|  0| 413|         342|         185|
    +------------------------+----------+-------+---+----+------------+------------+

    * Multiplexer: 
    +----------------------+----+-----------+-----+-----------+
    |         Name         | LUT| Input Size| Bits| Total Bits|
    +----------------------+----+-----------+-----+-----------+
    |a_address             |  32|          5|   32|        160|
    |a_dataout             |  32|          3|   32|         96|
    |a_size                |  32|          3|   32|         96|
    |buff_address0         |   3|          4|    3|         12|
    |debug_temp_2_reg_279  |  32|          3|   32|         96|
    |grp_fu_301_p1         |  32|          3|   32|         96|
    |i_reg_219             |   5|          2|    5|         10|
    |indvar_reg_230        |   3|          2|    3|          6|
    +----------------------+----+-----------+-----+-----------+
    |Total                 | 171|         25|  171|        572|
    +----------------------+----+-----------+-----+-----------+

    * Register: 
    +--------------------------+----+-----+-----------+
    |           Name           | FF | Bits| Const Bits|
    +--------------------------+----+-----+-----------+
    |a_addr_1_reg_591          |  30|   32|          2|
    |a_addr_reg_546            |  31|   32|          1|
    |ap_CS_fsm                 |   5|    5|          0|
    |appLogAddr_reg_581        |  32|   32|          0|
    |appStateAddr_reg_576      |  32|   32|          0|
    |app_list_addr0data_reg    |  32|   32|          0|
    |app_list_addr0vld_reg     |   0|    1|          1|
    |buff_addr_reg_528         |   0|    3|          3|
    |debug11data_reg           |  32|   32|          0|
    |debug11vld_reg            |   0|    1|          1|
    |debug_temp_2_reg_279      |  32|   32|          0|
    |i_1_reg_541               |   5|    5|          0|
    |i_reg_219                 |   5|    5|          0|
    |inAppID0data_reg          |  32|   32|          0|
    |inAppID0vld_reg           |   0|    1|          1|
    |indvar8_reg_254           |   1|    1|          0|
    |indvar_next_reg_555       |   3|    3|          0|
    |indvar_reg_230            |   3|    3|          0|
    |read_index_3_reg_602      |  32|   32|          0|
    |read_index_load2_reg_242  |  32|   32|          0|
    |read_index_load_reg_267   |  32|   32|          0|
    |reg_311                   |  32|   32|          0|
    |tmp_10_reg_597            |  30|   30|          0|
    |tmp_15_reg_612            |  30|   30|          0|
    |tmp_1_reg_587             |   1|    1|          0|
    |tmp_4_cast_reg_533        |  32|   33|          1|
    +--------------------------+----+-----+-----------+
    |Total                     | 496|  506|         10|
    +--------------------------+----+-----+-----------+



================================================================
== Interface
================================================================
* Summary: 
+---------------+-----+-----+------------+---------------+--------------+
|   RTL Ports   | Dir | Bits|  Protocol  | Source Object |    C Type    |
+---------------+-----+-----+------------+---------------+--------------+
|ap_clk         |  in |    1| ap_ctrl_hs |      hwHB     | return value |
|ap_rst         |  in |    1| ap_ctrl_hs |      hwHB     | return value |
|ap_start       |  in |    1| ap_ctrl_hs |      hwHB     | return value |
|ap_done        | out |    1| ap_ctrl_hs |      hwHB     | return value |
|ap_idle        | out |    1| ap_ctrl_hs |      hwHB     | return value |
|ap_ready       | out |    1| ap_ctrl_hs |      hwHB     | return value |
|a_req_din      | out |    1|   ap_bus   |       a       |    pointer   |
|a_req_full_n   |  in |    1|   ap_bus   |       a       |    pointer   |
|a_req_write    | out |    1|   ap_bus   |       a       |    pointer   |
|a_rsp_empty_n  |  in |    1|   ap_bus   |       a       |    pointer   |
|a_rsp_read     | out |    1|   ap_bus   |       a       |    pointer   |
|a_address      | out |   32|   ap_bus   |       a       |    pointer   |
|a_datain       |  in |   32|   ap_bus   |       a       |    pointer   |
|a_dataout      | out |   32|   ap_bus   |       a       |    pointer   |
|a_size         | out |   32|   ap_bus   |       a       |    pointer   |
|inAppID        |  in |   32|   ap_none  |    inAppID    |    scalar    |
|time_r         |  in |   32|   ap_none  |     time_r    |    scalar    |
|app_list_addr  |  in |   32|   ap_none  | app_list_addr |    scalar    |
|debug1         | out |   32|   ap_none  |     debug1    |    pointer   |
+---------------+-----+-----+------------+---------------+--------------+

